// Jest Snapshot v1, https://goo.gl/fbAQLP

exports[`Pagination Component should render correctly 1`] = `
<div>
  <div
    class="flex gap-x-3 font-bold absolute bottom-10 items-center place-self-end"
  >
    <button
      aria-disabled="true"
      class="aria-disabled:text-slate-400 aria-disabled:cursor-not-allowed"
      disabled=""
    >
      Prev
    </button>
    <p
      class="text-black font-medium text-sm"
    >
      Page 1 of 2
    </p>
    <button
      aria-disabled="false"
      class="aria-disabled:text-slate-400 aria-disabled:cursor-not-allowed"
    >
      Next
    </button>
  </div>
</div>
`;
